// Jest Snapshot v1, https://goo.gl/fbAQLP

exports[`CardContainer component should match snapshot 1`] = `
ShallowWrapper {
  "length": 1,
  Symbol(enzyme.__root__): [Circular],
  Symbol(enzyme.__unrendered__): <CardContainer
    houseData={
        Array [
            Object {
              "ancestralWeapons": Array [
                "ok",
                "cool",
              ],
              "coatOfArms": "cool dude",
              "founded": "why not",
              "name": "sure",
              "seats": Array [
                "ok",
                "cool",
              ],
              "titles": Array [
                "ok",
                "cool",
              ],
              "words": Array [
                "whatever",
              ],
            },
          ]
    }
/>,
  Symbol(enzyme.__renderer__): Object {
    "batchedUpdates": [Function],
    "getNode": [Function],
    "render": [Function],
    "simulateEvent": [Function],
    "unmount": [Function],
  },
  Symbol(enzyme.__node__): Object {
    "instance": null,
    "key": null,
    "nodeType": "host",
    "props": Object {
      "children": Array [
        <Card
          house={
                    Object {
                              "ancestralWeapons": Array [
                                "ok",
                                "cool",
                              ],
                              "coatOfArms": "cool dude",
                              "founded": "why not",
                              "name": "sure",
                              "seats": Array [
                                "ok",
                                "cool",
                              ],
                              "titles": Array [
                                "ok",
                                "cool",
                              ],
                              "words": Array [
                                "whatever",
                              ],
                            }
          }
/>,
      ],
      "className": "card-container",
    },
    "ref": null,
    "rendered": Array [
      Object {
        "instance": null,
        "key": "sure",
        "nodeType": "function",
        "props": Object {
          "house": Object {
            "ancestralWeapons": Array [
              "ok",
              "cool",
            ],
            "coatOfArms": "cool dude",
            "founded": "why not",
            "name": "sure",
            "seats": Array [
              "ok",
              "cool",
            ],
            "titles": Array [
              "ok",
              "cool",
            ],
            "words": Array [
              "whatever",
            ],
          },
        },
        "ref": null,
        "rendered": null,
        "type": [Function],
      },
    ],
    "type": "div",
  },
  Symbol(enzyme.__nodes__): Array [
    Object {
      "instance": null,
      "key": null,
      "nodeType": "host",
      "props": Object {
        "children": Array [
          <Card
            house={
                        Object {
                                    "ancestralWeapons": Array [
                                      "ok",
                                      "cool",
                                    ],
                                    "coatOfArms": "cool dude",
                                    "founded": "why not",
                                    "name": "sure",
                                    "seats": Array [
                                      "ok",
                                      "cool",
                                    ],
                                    "titles": Array [
                                      "ok",
                                      "cool",
                                    ],
                                    "words": Array [
                                      "whatever",
                                    ],
                                  }
            }
/>,
        ],
        "className": "card-container",
      },
      "ref": null,
      "rendered": Array [
        Object {
          "instance": null,
          "key": "sure",
          "nodeType": "function",
          "props": Object {
            "house": Object {
              "ancestralWeapons": Array [
                "ok",
                "cool",
              ],
              "coatOfArms": "cool dude",
              "founded": "why not",
              "name": "sure",
              "seats": Array [
                "ok",
                "cool",
              ],
              "titles": Array [
                "ok",
                "cool",
              ],
              "words": Array [
                "whatever",
              ],
            },
          },
          "ref": null,
          "rendered": null,
          "type": [Function],
        },
      ],
      "type": "div",
    },
  ],
  Symbol(enzyme.__options__): Object {
    "adapter": ReactFifteenAdapter {
      "options": Object {
        "supportPrevContextArgumentOfComponentDidUpdate": true,
      },
    },
  },
}
`;
